[tb.co.th/index.html]
[backblue.gif]
[fade.gif]
[index.html]
[tb.co.th/logo.png]
[tb.co.th/apple-touch-icon.png]
[tb.co.th/favicon-32x32.png]
[tb.co.th/favicon-16x16.png]
[tb.co.th/site.webmanifest]
[tb.co.th/safari-pinned-tab.svg]
[tb.co.th/css/mdi/materialdesignicons.min.css]
[cdn.jsdelivr.net/npm/@mdi/font@latest/css/materialdesignicons.min.css]
[tb.co.th/js/social_external30f4.js]
[tb.co.th/js/jquery.min.js]
[tb.co.th/_/55bc049f786417eef6df.js]
[tb.co.th/_/ca2738b3eeae4b5dacfd.js]
[tb.co.th/_/9beca320b096cb1e8a21.css]
[tb.co.th/_/3eaa0d18e799160ea052.js]
[tb.co.th/_/0fa729595ee90e362ab4.css]
[tb.co.th/images/2.0/home-001.png]
[tb.co.th/_/26760a6cc9788e319eec.js]
[tb.co.th/value.html]
[tb.co.th/promising.html]
[tb.co.th/luxury.html]
[tb.co.th/commercial.html]
[tb.co.th/recommend.html]
[tb.co.th/latest.html]
[tb.co.th/singlehome.html]
[tb.co.th/townhome.html]
[tb.co.th/condo.html]
[tb.co.th/images/2.0/home-002.jpg]
[tb.co.th/shophouse.html]
[tb.co.th/service.html]
[tb.co.th/blog/tips.html]
[tb.co.th/bangkok/singlehome.html]
[tb.co.th/bangkok/townhome.html]
[tb.co.th/bangkok/condo.html]
[tb.co.th/searchee3a.html]
[tb.co.th/search9098.html]
[tb.co.th/search9cae.html]
[tb.co.th/search70ed.html]
[tb.co.th/samut-prakan/singlehome.html]
[tb.co.th/samut-prakan/townhome.html]
[tb.co.th/samut-prakan/condo.html]
[tb.co.th/searchafdc.html]
[tb.co.th/search11fd.html]
[tb.co.th/searchb3c9.html]
[tb.co.th/searchf292.html]
[tb.co.th/nonthaburi/singlehome.html]
[tb.co.th/nonthaburi/townhome.html]
[tb.co.th/nonthaburi/condo.html]
[tb.co.th/search0ae1.html]
[tb.co.th/search86c5.html]
[tb.co.th/searchcffc.html]
[tb.co.th/searchaf96.html]
[tb.co.th/chonburi/singlehome.html]
[tb.co.th/chonburi/townhome.html]
[tb.co.th/chonburi/condo.html]
[tb.co.th/search13cd.html]
[tb.co.th/searchb742.html]
[tb.co.th/searcha626.html]
[tb.co.th/images/2.0/LOGO.TB.CO.TH.png]
[tb.co.th/search1597.html]
[tb.co.th/images/icon/facebook.png]
[tb.co.th/images/icon/line.png]
[tb.co.th/images/icon/messenger.png]
[tb.co.th/search3819.html]
[tb.co.th/portfolio.html]
[tb.co.th/search7347.html]
[tb.co.th/blog/review.html]
[tb.co.th/index.html]
[tb.co.th/safari-pinned-tab.svg]
[tb.co.th/cdn-cgi/scripts/7d0fa10a/cloudflare-static/rocket-loader.min.js]
[tb.co.th/agent.html]
[tb.co.th/css/mdi/fonts/materialdesignicons-webfont6937.eot]
[tb.co.th/css/mdi/fonts/materialdesignicons-webfont6937.woff2]
[tb.co.th/css/mdi/fonts/materialdesignicons-webfont6937.woff]
[tb.co.th/css/mdi/fonts/materialdesignicons-webfontd41d.eot]
[tb.co.th/css/mdi/materialdesignicons.min.css]
[cdn.jsdelivr.net/npm/@mdi/font@latest/css/materialdesignicons.min.css]
[www.googletagmanager.com/gtm5445.html]
[tb.co.th/css/mdi/fonts/materialdesignicons-webfont6937.ttf]
[tb.co.th/_/9beca320b096cb1e8a21.css]
[tb.co.th/images/sta-li.png]
[tb.co.th/images/sta-privilege-bg.jpg]
[tb.co.th/images/2.0/service/Marketing-02.png]
[tb.co.th/images/2.0/service/Marketing-04.png]
[tb.co.th/images/2.0/service/SuccessStory-01.png]
[tb.co.th/images/2.0/service/Marketing-05.png]
[tb.co.th/images/2.0/service/SuccessStory-02.png]
[tb.co.th/images/2.0/service/SuccessStory-03.png]
[tb.co.th/images/2.0/service/SuccessStory-07.png]
[tb.co.th/images/2.0/service/SuccessStory-04.png]
[tb.co.th/images/2.0/service/The-Best-Property-13.jpg]
[tb.co.th/images/2.0/service/The-Best-Property-16.jpg]
[tb.co.th/images/2.0/service/SuccessStory-05.png]
[tb.co.th/images/2.0/service/The-Best-Property-14.jpg]
[tb.co.th/images/2.0/service/Agent-01.jpg]
[tb.co.th/images/2.0/service/Agent-06.png]
[tb.co.th/images/2.0/service/Agent-07.jpg]
[tb.co.th/images/condo.jpg]
[tb.co.th/_/img/b53cca7.jpg]
[tb.co.th/images/2.0/service/Agent-02.png]
[tb.co.th/images/2.0/icon/home-1.png]
[tb.co.th/images/2.0/icon/home-2.png]
[tb.co.th/images/2.0/icon/home-3.png]
[tb.co.th/images/2.0/icon/home-4.png]
[tb.co.th/images/2.0/icon/home-1_wh.png]
[tb.co.th/images/2.0/icon/home-2_wh.png]
[tb.co.th/images/2.0/icon/home-3_wh.png]
[tb.co.th/images/2.0/icon/home-4_wh.png]
[tb.co.th/images/2.0/icon/singlehome.png]
[tb.co.th/images/2.0/icon/townhome.png]
[tb.co.th/images/2.0/icon/condo.png]
[tb.co.th/images/2.0/icon/shophouse.png]
[tb.co.th/images/2.0/icon/singlehome_wh.png]
[tb.co.th/images/2.0/icon/townhome_wh.png]
[tb.co.th/images/2.0/icon/condo_wh.png]
[tb.co.th/images/2.0/icon/shophouse_wh.png]
[tb.co.th/_/fonts/ecff117.eot]
[tb.co.th/_/fonts/ecff117d41d.eot]
[tb.co.th/_/fonts/5fd4c33.woff]
[tb.co.th/_/fonts/4fe6f9c.ttf]
[tb.co.th/_/img/c066c54.svg]
[tb.co.th/_/img/699d005.png]
[tb.co.th/_/img/96bc9d7.png]
[tb.co.th/_/img/0aeca8b.gif]
[tb.co.th/_/fonts/9510797.ttf]
[tb.co.th/_/fonts/f53251b.ttf]
[tb.co.th/_/fonts/001150c.woff2]
[tb.co.th/_/fonts/630ff57.ttf]
[tb.co.th/_/fonts/9764e25.woff2]
[tb.co.th/_/fonts/2c924ff.eot]
[tb.co.th/_/fonts/00efe93.woff2]
[tb.co.th/_/fonts/2c924ffd41d.eot]
[tb.co.th/_/fonts/6ca98d9.woff]
[tb.co.th/_/fonts/1236a9b.ttf]
[tb.co.th/_/fonts/ac6c120.eot]
[tb.co.th/_/fonts/1ce6d70.woff2]
[tb.co.th/_/fonts/f739521.woff]
[tb.co.th/_/fonts/ac6c120d41d.eot]
[tb.co.th/_/fonts/63f22a8.ttf]
[tb.co.th/_/fonts/b52fe13d41d.eot]
[tb.co.th/_/fonts/f60ab3e.woff2]
[tb.co.th/_/fonts/4a87217.woff]
[tb.co.th/_/fonts/b52fe13.eot]
[tb.co.th/_/fonts/5646b87.eot]
[tb.co.th/_/fonts/5646b87d41d.eot]
[tb.co.th/_/fonts/d737b20.woff2]
[tb.co.th/_/fonts/e38b067.woff]
[tb.co.th/_/fonts/3ce279f.ttf]
[tb.co.th/_/fonts/b990b3c.eot]
[tb.co.th/_/fonts/b990b3cd41d.eot]
[tb.co.th/_/fonts/d12fe27.woff2]
[tb.co.th/_/fonts/c8a55b0.woff]
[tb.co.th/_/fonts/c7374b4.eot]
[tb.co.th/_/fonts/07cb59f.ttf]
[tb.co.th/_/fonts/c7374b4d41d.eot]
[tb.co.th/_/fonts/b40f97b.woff2]
[tb.co.th/_/fonts/d63fd84.woff]
[tb.co.th/_/fonts/5aec441.eot]
[tb.co.th/_/fonts/fe7468a.ttf]
[tb.co.th/_/fonts/5aec441d41d.eot]
[tb.co.th/_/fonts/14c9a52.woff2]
[tb.co.th/_/fonts/6e2f7ff.ttf]
[tb.co.th/_/fonts/d3996fc.woff]
[tb.co.th/_/fonts/ff7394e.ttf]
[tb.co.th/_/fonts/15bb63a.eot]
[tb.co.th/_/fonts/15bb63ad41d.eot]
[tb.co.th/_/fonts/bef5024.woff2]
[tb.co.th/_/fonts/54008fb.woff]
[tb.co.th/_/fonts/50be046.ttf]
[tb.co.th/_/fonts/5d408b6.eot]
[tb.co.th/_/fonts/5d408b6d41d.eot]
[tb.co.th/_/fonts/5edec5e.woff2]
[tb.co.th/_/fonts/2171b03.woff]
[tb.co.th/_/fonts/28e5a62.ttf]
[tb.co.th/_/fonts/102bc40.eot]
[tb.co.th/_/fonts/102bc40d41d.eot]
[tb.co.th/_/fonts/eb18dcf.woff2]
[tb.co.th/_/fonts/f3095f8.woff]
[tb.co.th/_/0fa729595ee90e362ab4.css]
[tb.co.th/_/fonts/fd8d0fd.ttf]
[tb.co.th/images/2.0/icon/property-card/ic_area_bk.png]
[tb.co.th/images/2.0/icon/property-card/ic_area-use_bk.png]
[tb.co.th/images/2.0/icon/property-card/ic_layers_bk.png]
[tb.co.th/images/2.0/icon/property-card/ic_sofa_bk.png]
[tb.co.th/images/2.0/icon/property-card/ic_shower_bk.png]
[tb.co.th/images/2.0/icon/property-card/ic_car_bk.png]
[tb.co.th/value.html]
[tb.co.th/promising.html]
[tb.co.th/luxury.html]
[tb.co.th/commercial.html]
[tb.co.th/recommend.html]
[tb.co.th/latest.html]
[tb.co.th/images/2.0/icon/singlehome_i.png]
[tb.co.th/bangkok/singlehome/ratchaphruek.html]
[tb.co.th/bangkok/singlehome/rama-2.html]
[tb.co.th/bangkok/singlehome/ladprao.html]
[tb.co.th/bangkok/singlehome/phaholyothin.html]
[tb.co.th/singlehome.html]
[tb.co.th/images/2.0/icon/townhome_i.png]
[tb.co.th/bangkok/singlehome/ramintra]
[tb.co.th/bangkok/townhome/ratchaphruek.html]
[tb.co.th/bangkok/townhome/rama-2.html]
[tb.co.th/bangkok/townhome/ladprao.html]
[tb.co.th/bangkok/townhome/phaholyothin.html]
[tb.co.th/bangkok/townhome/ramintra.html]
[tb.co.th/bangkok/townhome/lat-krabang.html]
[tb.co.th/bangkok/townhome/saimai.html]
[tb.co.th/bangkok/townhome/onnut.html]
[tb.co.th/bangkok/townhome/ramkhamhaeng.html]
[tb.co.th/bangkok/townhome/phra-ram-nine.html]
[tb.co.th/bangkok/townhome/min-buri.html]
[tb.co.th/bangkok/townhome/suanluang.html]
[tb.co.th/bangkok/townhome/prakanong.html]
[tb.co.th/bangkok/townhome/ra-ma-three.html]
[tb.co.th/townhome.html]
[tb.co.th/images/2.0/icon/condo_i.png]
[tb.co.th/bangkok/townhome/pinklao]
[tb.co.th/bangkok/condo/ratchaphruek.html]
[tb.co.th/bangkok/condo/rama-2.html]
[tb.co.th/bangkok/condo/ladprao.html]
[tb.co.th/condo.html]
[tb.co.th/images/2.0/icon/shophouse_i.png]
[tb.co.th/bangkok/condo/phaholyothin]
[tb.co.th/bangkok/shophouse.html]
[tb.co.th/bangkok/shophouse/ratchaphruek.html]
[tb.co.th/bangkok/shophouse/rama-2.html]
[tb.co.th/shophouse.html]
[tb.co.th/bangkok/shophouse/ladprao]
[tb.co.th/images/2.0/service/Welcome-01.png]
[tb.co.th/images/2.0/service/Ourservice-01.png]
[tb.co.th/images/2.0/service/Ourservice-02.png]
[tb.co.th/images/2.0/service/Ourservice-03.png]
[tb.co.th/images/2.0/service/Award-01.png]
[tb.co.th/images/2.0/service/Award-02.png]
[tb.co.th/contact-us.html]
[tb.co.th/images/2.0/service/Support-01.png]
[tb.co.th/images/2.0/service/Vision-01.png]
[tb.co.th/images/2.0/service/ICON00-01.png]
[tb.co.th/images/2.0/service/Agent-04_0.jpg]
[tb.co.th/guest-register6735.html]
[tb.co.th/images/2.0/service/Agent-04_2.png]
[tb.co.th/images/2.0/service/Agent-04_1.png]
[tb.co.th/images/2.0/service/Agent-05.png]
[tb.co.th/service.html]
[tb.co.th/images/2.0/service/Vision-02.png]
[tb.co.th/article/home-knowledge/RENT-BUY-HOME-DICIDE.html]
[tb.co.th/article/home-knowledge/Cbd-Location-Bangna-Home.html]
[tb.co.th/blog/tips.html]
[tb.co.th/bangkok.html]
[tb.co.th/article/home-knowledge/Renovate-TownHome-Bangna-SamutPrakan]
[tb.co.th/bangkok/singlehome/lat-krabang.html]
[tb.co.th/bangkok/singlehome.html]
[tb.co.th/bangkok/singlehome/saimai]
[tb.co.th/images/2.0/icon/bed-red.png]
[tb.co.th/search9086.html]
[tb.co.th/searche2e6.html]
[tb.co.th/search0158.html]
[tb.co.th/searchaf35.html]
[tb.co.th/images/2.0/icon/money-red.png]
[tb.co.th/searchece2.html]
[tb.co.th/bangkok/townhome.html]
[tb.co.th/search9b8f]
[tb.co.th/searchfc1e.html]
[tb.co.th/search1c6d.html]
[tb.co.th/bangkok/condo.html]
[tb.co.th/searchee3a.html]
[tb.co.th/search9098.html]
[tb.co.th/search9cae.html]
[tb.co.th/search70ed.html]
[tb.co.th/samut-prakan.html]
[tb.co.th/search0618]
[tb.co.th/samut-prakan/shophouse.html]
[tb.co.th/samut-prakan/singlehome/srinakarin.html]
[tb.co.th/samut-prakan/singlehome.html]
[tb.co.th/samut-prakan/townhome.html]
[tb.co.th/samut-prakan/singlehome/thepharak]
[tb.co.th/samut-prakan/condo.html]
[tb.co.th/searchafdc.html]
[tb.co.th/search11fd.html]
[tb.co.th/searchb3c9.html]
[tb.co.th/searchf292.html]
[tb.co.th/search1d75]
[tb.co.th/searchf8f3]
[tb.co.th/nonthaburi/singlehome.html]
[tb.co.th/nonthaburi.html]
[tb.co.th/searche900]
[tb.co.th/nonthaburi/shophouse]
[tb.co.th/nonthaburi/townhome.html]
[tb.co.th/searchcebc]
[tb.co.th/search7451.html]
[tb.co.th/nonthaburi/condo.html]
[tb.co.th/search0ae1.html]
[tb.co.th/search86c5.html]
[tb.co.th/searchcffc.html]
[tb.co.th/searchaf96.html]
[tb.co.th/search670e.html]
[tb.co.th/chonburi.html]
[tb.co.th/search79fb]
[tb.co.th/chonburi/shophouse.html]
[tb.co.th/chonburi/singlehome.html]
[tb.co.th/searche756]
[tb.co.th/searchcf26.html]
[tb.co.th/chonburi/townhome.html]
[tb.co.th/search1baf]
[tb.co.th/chonburi/condo.html]
[tb.co.th/search13cd.html]
[tb.co.th/searcha626.html]
[tb.co.th/searchb742.html]
[tb.co.th/search1597.html]
[tb.co.th/search3819.html]
[tb.co.th/portfolio.html]
[tb.co.th/search7347.html]
[tb.co.th/blog/review.html]
[tb.co.th/agent.html]
[tb.co.th/_/img/e95aace.png]
[tb.co.th/_/img/c066c54.svg]
[tb.co.th/_/img/0f1f99b.png]
[tb.co.th/article/property-review/the-plant-theparak-bangna]
[tb.co.th/search01f2]
[tb.co.th/bangkok/singlehome/ratchaphruek.html]
[tb.co.th/bangkok/singlehome/ramkhamhaeng.html]
[tb.co.th/bangkok/singlehome/rama-2.html]
[tb.co.th/bangkok/singlehome/ladprao.html]
[tb.co.th/bangkok/singlehome/onnut]
[tb.co.th/bangkok/singlehome/phaholyothin.html]
[tb.co.th/bangkok/singlehome/phra-ram-nine]
[tb.co.th/bangkok/singlehome/ramintra]
[tb.co.th/bangkok/singlehome/min-buri]
[tb.co.th/bangkok/singlehome/prakanong]
[tb.co.th/bangkok/singlehome/suanluang]
[tb.co.th/bangkok/townhome/ratchaphruek.html]
[tb.co.th/bangkok/townhome/ratchadapisek]
[tb.co.th/bangkok/townhome/rama-2.html]
[tb.co.th/bangkok/townhome/don-mueang]
[tb.co.th/bangkok/townhome/ladprao.html]
[tb.co.th/bangkok/townhome/prawet]
[tb.co.th/bangkok/townhome/phaholyothin.html]
[tb.co.th/search7d65]
[tb.co.th/bangkok/townhome/ramintra.html]
[tb.co.th/searche417]
[tb.co.th/bangkok/townhome/lat-krabang.html]
[tb.co.th/bangkok/townhome/saimai.html]
[tb.co.th/searcha1ee]
[tb.co.th/search8a53]
[tb.co.th/searchbdff.html]
[tb.co.th/bangkok/townhome/onnut.html]
[tb.co.th/search5874.html]
[tb.co.th/searchf75a]
[tb.co.th/bangkok/townhome/ramkhamhaeng.html]
[tb.co.th/searchd38b]
[tb.co.th/bangkok/townhome/phra-ram-nine.html]
[tb.co.th/search0fa0]
[tb.co.th/bangkok/townhome/min-buri.html]
[tb.co.th/bangkok/townhome/suanluang.html]
[tb.co.th/bangkok/townhome/prakanong.html]
[tb.co.th/search4516]
[tb.co.th/bangkok/townhome/ra-ma-three.html]
[tb.co.th/searchb130]
[tb.co.th/bangkok/townhome/pinklao]
[tb.co.th/search3999]
[tb.co.th/bangkok/condo/ratchaphruek.html]
[tb.co.th/searchb7aa]
[tb.co.th/search09f5]
[tb.co.th/bangkok/condo/ramintra]
[tb.co.th/bangkok/condo/rama-2.html]
[tb.co.th/bangkok/condo/lat-krabang]
[tb.co.th/bangkok/condo/saimai.html]
[tb.co.th/bangkok/condo/ladprao.html]
[tb.co.th/bangkok/condo/phaholyothin]
[tb.co.th/bangkok/condo/onnut]
[tb.co.th/bangkok/condo/ramkhamhaeng]
[tb.co.th/bangkok/shophouse.html]
[tb.co.th/bangkok/shophouse/ratchaphruek.html]
[tb.co.th/bangkok/shophouse/phaholyothin]
[tb.co.th/search0635]
[tb.co.th/bangkok/shophouse/rama-2.html]
[tb.co.th/bangkok/shophouse/ramintra]
[tb.co.th/bangkok/shophouse/ladprao]
[tb.co.th/images/2.0/LOGO.TB.CO.TH_color.png]
[tb.co.th/images/2.0/icon/contact/phone-grey.png]
[tb.co.th/cdn-cgi/l/email-protection.html]
[tb.co.th/images/2.0/icon/contact/mail-grey.png]
[tb.co.th/bangkok/shophouse/lat-krabang]
[tb.co.th/images/2.0/icon/contact/line-grey.png]
[tb.co.th/images/2.0/icon/contact/facebook-grey.png]
[tb.co.th/images/2.0/icon/contact/messenger-grey.png]
[tb.co.th/contact-us.html]
[tb.co.th/guest-register6735.html]
[tb.co.th/cdn-cgi/scripts/5c5dd728/cloudflare-static/email-decode.min.js]
[tb.co.th/article/home-knowledge/RENT-BUY-HOME-DICIDE.html]
[tb.co.th/images/2.0/icon/facebook-bk.png]
[tb.co.th/images/2.0/icon/line-bk.png]
[tb.co.th/images/2.0/icon/twitter-bk.png]
[tb.co.th/images/2.0/icon/link-red.png]
[cdn-seo.tb.co.th/articles/RLe9XGmi4o8UjMeSE6kx/6e0a.Banner_ฉุดไม่อยู่ บางนา สมุทรปราการ ทำเลน่าอยู่-02 (1).jpg]
[cdn-seo.tb.co.th/articles/RLe9XGmi4o8UjMeSE6kx/c82d.vr-highlight-th.jpg]
[cdn-seo.tb.co.th/articles/RLe9XGmi4o8UjMeSE6kx/1ea3.masterplan.jpg]
[tb.co.th/article/home-knowledge/Cbd-Location-Bangna-Home.html]
[cdn-seo.tb.co.th/articles/1IZcMyxtqC1doni9SxEF/f430.ทาวน์โฮมรีโนเวท ฟังก์ชันครบๆ กับงบซื้อบ้าน ไม่เกิน 3 ล้าน.jpg]
[tb.co.th/blog/home-knowledge]
[cdn-seo.tb.co.th/articles/1IZcMyxtqC1doni9SxEF/63ff.Modern.jpg]
[tb.co.th/article/home-knowledge/Renovate-TownHome-Bangna-SamutPrakan]
[cdn-seo.tb.co.th/articles/1IZcMyxtqC1doni9SxEF/5161.Loft_townhome.jpg]
[tb.co.th/images/2.0/icon/price-tag-bk.png]
[tb.co.th/images/2.0/icon/idea-bk.png]
[tb.co.th/bangkok.html]
[tb.co.th/bangkok/singlehome/lat-krabang.html]
[tb.co.th/bangkok/singlehome/saimai]
[tb.co.th/search9086.html]
[tb.co.th/searche2e6.html]
[tb.co.th/search0158.html]
[tb.co.th/searchaf35.html]
[tb.co.th/searchece2.html]
[tb.co.th/search9b8f]
[tb.co.th/searchfc1e.html]
[tb.co.th/search1c6d.html]
[tb.co.th/search0618]
[tb.co.th/samut-prakan.html]
[tb.co.th/samut-prakan/shophouse.html]
[tb.co.th/bangkok/singlehome/ra-ma-three]
[tb.co.th/samut-prakan/singlehome/srinakarin.html]
[tb.co.th/bangkok/singlehome/pinklao]
[tb.co.th/samut-prakan/singlehome/thepharak]
[tb.co.th/search1d75]
[tb.co.th/searchf8f3]
[tb.co.th/nonthaburi.html]
[tb.co.th/nonthaburi/shophouse]
[tb.co.th/searche900]
[tb.co.th/searchcebc]
[tb.co.th/search7451.html]
[tb.co.th/search670e.html]
[tb.co.th/search79fb]
[tb.co.th/chonburi.html]
[tb.co.th/samut-prakan/singlehome/bang-phli]
[tb.co.th/chonburi/shophouse.html]
[tb.co.th/searche756]
[tb.co.th/searchcf26.html]
[tb.co.th/search1baf]
[tb.co.th/search01f2]
[tb.co.th/article/property-review/the-plant-theparak-bangna]
[cdn-seo.tb.co.th/articles/yygT4FQt0TYYM6FCoWDd/71ab.image1.png]
[tb.co.th/search62f2]
[tb.co.th/css/mdi/fonts/materialdesignicons-webfont6937.woff2]
[tb.co.th/search5e55]
[tb.co.th/bangkok/singlehome/onnut]
[tb.co.th/search8515]
[tb.co.th/bangkok/singlehome/ramkhamhaeng.html]
[tb.co.th/bangkok/singlehome/phra-ram-nine]
[tb.co.th/bangkok/singlehome/min-buri]
[tb.co.th/bangkok/singlehome/suanluang]
[tb.co.th/bangkok/singlehome/ratchadapisek]
[tb.co.th/bangkok/singlehome/prakanong]
[tb.co.th/bangkok/singlehome/don-mueang]
[tb.co.th/bangkok/singlehome/prawet]
[tb.co.th/bangkok/townhome/ratchadapisek]
[tb.co.th/bangkok/townhome/don-mueang]
[tb.co.th/bangkok/townhome/prawet]
[tb.co.th/search91cd]
[tb.co.th/search7d65]
[tb.co.th/searche417]
[tb.co.th/searchec41]
[tb.co.th/searcha1ee]
[tb.co.th/search8a53]
[tb.co.th/search1e11]
[tb.co.th/searchbdff.html]
[tb.co.th/searchf75a]
[tb.co.th/search5874.html]
[tb.co.th/searchd38b]
[tb.co.th/search0fa0]
[tb.co.th/search4516]
[tb.co.th/searchb130]
[tb.co.th/search3999]
[tb.co.th/searchb7aa]
[tb.co.th/search09f5]
[tb.co.th/bangkok/condo/phra-ram-nine.html]
[tb.co.th/bangkok/condo/min-buri.html]
[tb.co.th/bangkok/condo/suanluang.html]
[tb.co.th/bangkok/condo/prakanong.html]
[tb.co.th/bangkok/condo/ra-ma-three.html]
[tb.co.th/bangkok/condo/pinklao.html]
[tb.co.th/bangkok/condo/ratchadapisek.html]
[tb.co.th/bangkok/condo/don-mueang.html]
[tb.co.th/bangkok/condo/prawet.html]
[tb.co.th/search9ae3.html]
[tb.co.th/search6a81.html]
